warning: unused variable: `meta_args`
  --> src/lib.rs
   |
   |     let mut meta_args = syn::parse_macro_input!(meta as crate::server_send::parse::Args);
   |             ^^^^^^^^^ help: if this is intentional, prefix it with an underscore: `_meta_args`
   |
   = note: `#[warn(unused_variables)]` on by default

warning: variable does not need to be mutable
  --> src/lib.rs
   |
   |     let mut meta_args = syn::parse_macro_input!(meta as crate::server_send::parse::Args);
   |         ----^^^^^^^^^
   |         |
   |         help: remove this `mut`
   |
   = note: `#[warn(unused_mut)]` on by default

error: this attribute takes no arguments

         = help: use `#[contracts]`

 --> tests/ui/contracts/error/has-expr-argument.rs:3:13
  |
3 | #[contracts(true)]
  |             ^^^^
