warning: unused variable: `meta_args`
  --> src/lib.rs
   |
   |     let mut meta_args = syn::parse_macro_input!(meta as crate::server_send::parse::Args);
   |             ^^^^^^^^^ help: if this is intentional, prefix it with an underscore: `_meta_args`
   |
   = note: `#[warn(unused_variables)]` on by default

warning: variable does not need to be mutable
  --> src/lib.rs
   |
   |     let mut meta_args = syn::parse_macro_input!(meta as crate::server_send::parse::Args);
   |         ----^^^^^^^^^
   |         |
   |         help: remove this `mut`
   |
   = note: `#[warn(unused_mut)]` on by default

error: item is not a function

         = help: `#[contracts]` can only be used on functions

 --> tests/ui/contracts/error/item-is-not-a-function.rs:4:1
  |
4 | struct S;
  | ^^^^^^^^^
