error: this attribute takes from one to three assign arguments

         = help: use `#[server_send(level=Level::WARN, name="Name", skip=[a, b])]`

 --> tests/ui/has-arguments.rs:3:1
  |
3 | #[server_send(a, b)]
  | ^^^^^^^^^^^^^^^^^^^^
  |
  = note: this error originates in the attribute macro `server_send` (in Nightly builds, run with -Z macro-backtrace for more info)
